<html>
<body>
<pre>
<h1>µVision Build Log</h1>
<h2>Tool Versions:</h2>
IDE-Version: µVision V5.26.2.0
Copyright (C) 2018 ARM Ltd and ARM Germany GmbH. All rights reserved.
License Information: Andre Campos, HP Inc., LIC=----
 
Tool Versions:
Toolchain:       MDK-Lite  Version: 5.26.2.0
Toolchain Path:  C:\Keil_v5\ARM\ARMCC\Bin
C Compiler:      Armcc.exe V5.06 update 6 (build 750)
Assembler:       Armasm.exe V5.06 update 6 (build 750)
Linker/Locator:  ArmLink.exe V5.06 update 6 (build 750)
Library Manager: ArmAr.exe V5.06 update 6 (build 750)
Hex Converter:   FromElf.exe V5.06 update 6 (build 750)
CPU DLL:         SARMCM3.DLL V5.26.2.0
Dialog DLL:      DCM.DLL V1.17.2.0
Target DLL:      STLink\ST-LINKIII-KEIL_SWO.dll V3.0.5.0
Dialog DLL:      TCM.DLL V1.36.1.0
 
<h2>Project:</h2>
C:\ESGR\ERGE\projectone\bluetoothParsing\MDK-ARM\PPPPPPP.uvprojx
Project File Date:  12/11/2019

<h2>Output:</h2>
*** Using Compiler 'V5.06 update 6 (build 750)', folder: 'C:\Keil_v5\ARM\ARMCC\Bin'
Build target 'PPPPPPP'
compiling bluetooth_module.c...
..\Core\Src\bluetooth_module.c(86): warning:  #167-D: argument of type "char *" is incompatible with parameter of type "uint8_t *"
  					   HAL_UART_Transmit_IT(&huart4, aux ,4 );
..\Core\Src\bluetooth_module.c(98): warning:  #167-D: argument of type "char *" is incompatible with parameter of type "uint8_t *"
  					  HAL_UART_Transmit_IT(&huart4, aux ,5 );
..\Core\Src\bluetooth_module.c(111): warning:  #167-D: argument of type "char *" is incompatible with parameter of type "uint8_t *"
  					  HAL_UART_Transmit_IT(&huart4, aux ,5 );
..\Core\Src\bluetooth_module.c(248): warning:  #167-D: argument of type "char *" is incompatible with parameter of type "uint8_t *"
  					HAL_UART_Transmit_IT(&huart4, echo, out_index);
..\Core\Src\bluetooth_module.c(262): warning:  #167-D: argument of type "char *" is incompatible with parameter of type "uint8_t *"
  						HAL_UART_Transmit_IT(&huart4, user_pars.nickName, out_index);
..\Core\Src\bluetooth_module.c: 5 warnings, 0 errors
linking...
Program Size: Code=9520 RO-data=560 RW-data=40 ZI-data=7752  
FromELF: creating hex file...
"PPPPPPP\PPPPPPP.axf" - 0 Error(s), 5 Warning(s).

<h2>Software Packages used:</h2>

Package Vendor: ARM
                http://www.keil.com/pack/ARM.CMSIS.5.6.0.pack
                ARM.CMSIS.5.6.0
                CMSIS (Cortex Microcontroller Software Interface Standard)
   * Component: CORE Version: 5.3.0

Package Vendor: Keil
                http://www.keil.com/pack/Keil.STM32F7xx_DFP.2.11.0.pack
                Keil.STM32F7xx_DFP.2.11.0
                STMicroelectronics STM32F7 Series Device Support, Drivers and Examples

<h2>Collection of Component include folders:</h2>
  .\RTE\_PPPPPPP
  C:\Keil_v5\ARM\PACK\ARM\CMSIS\5.6.0\CMSIS\Core\Include
  C:\Keil_v5\ARM\PACK\Keil\STM32F7xx_DFP\2.11.0\Drivers\CMSIS\Device\ST\STM32F7xx\Include

<h2>Collection of Component Files used:</h2>

   * Component: ARM::CMSIS:CORE:5.3.0
Build Time Elapsed:  00:00:19
</pre>
</body>
</html>
