<html>
<body>
<pre>
<h1>µVision Build Log</h1>
<h2>Tool Versions:</h2>
IDE-Version: µVision V5.29.0.0
Copyright (C) 2019 ARM Ltd and ARM Germany GmbH. All rights reserved.
License Information: Andre Campos, Uminho, LIC=----
 
Tool Versions:
Toolchain:       MDK-Lite  Version: 5.29.0.0
Toolchain Path:  C:\Keil_v5\ARM\ARMCC\Bin
C Compiler:      Armcc.exe V5.06 update 6 (build 750)
Assembler:       Armasm.exe V5.06 update 6 (build 750)
Linker/Locator:  ArmLink.exe V5.06 update 6 (build 750)
Library Manager: ArmAr.exe V5.06 update 6 (build 750)
Hex Converter:   FromElf.exe V5.06 update 6 (build 750)
CPU DLL:         SARMCM3.DLL V5.29.0.0
Dialog DLL:      DCM.DLL V1.17.3.0
Target DLL:      STLink\ST-LINKIII-KEIL_SWO.dll V3.0.7.0
Dialog DLL:      TCM.DLL V1.36.5.0
 
<h2>Project:</h2>
C:\Stuff\ERGE\ProjectOne\bluetoothParsing\MDK-ARM\PPPPPPP.uvprojx
Project File Date:  12/23/2019

<h2>Output:</h2>
*** Using Compiler 'V5.06 update 6 (build 750)', folder: 'C:\Keil_v5\ARM\ARMCC\Bin'
Build target 'PPPPPPP'
assembling startup_stm32f767xx.s...
compiling main.c...
compiling user.c...
..\Core\Src\user.c(55): warning:  #177-D: variable "i"  was declared but never referenced
  	 int i=0;
..\Core\Src\user.c(116): warning:  #1-D: last line of file ends without a newline
   
..\Core\Src\user.c: 2 warnings, 0 errors
compiling gpio.c...
compiling stm32f7xx_it.c...
compiling stm32f7xx_hal_msp.c...
compiling usart.c...
compiling message.c...
..\Core\Src\message.c(6): warning:  #940-D: missing return statement at end of non-void function "updateMessageToRelease" 
  }
..\Core\Src\message.c(11): warning:  #940-D: missing return statement at end of non-void function "updateRepeatTime" 
  }
..\Core\Src\message.c(16): warning:  #940-D: missing return statement at end of non-void function "updateDateToRelease" 
  }
..\Core\Src\message.c(21): warning:  #940-D: missing return statement at end of non-void function "updatePlatformToRelease" 
  }
..\Core\Src\message.c: 4 warnings, 0 errors
compiling stm32f7xx_hal_tim.c...
compiling stm32f7xx_hal_cortex.c...
compiling bluetooth_module.c...
..\Core\Src\bluetooth_module.c(96): warning:  #167-D: argument of type "char *" is incompatible with parameter of type "uint8_t *"
  					   HAL_UART_Transmit_IT(&huart4, aux ,4 );
..\Core\Src\bluetooth_module.c(108): warning:  #167-D: argument of type "char *" is incompatible with parameter of type "uint8_t *"
  					  HAL_UART_Transmit_IT(&huart4, aux ,5 );
..\Core\Src\bluetooth_module.c(121): warning:  #167-D: argument of type "char *" is incompatible with parameter of type "uint8_t *"
  					  HAL_UART_Transmit_IT(&huart4, aux ,5 );
..\Core\Src\bluetooth_module.c(164): warning:  #167-D: argument of type "char *" is incompatible with parameter of type "uint8_t *"
    HAL_UART_Transmit_IT(&huart4,  message,aux+1 );
..\Core\Src\bluetooth_module.c(284): warning:  #167-D: argument of type "char *" is incompatible with parameter of type "uint8_t *"
  					HAL_UART_Transmit_IT(&huart4, echo, out_index);
..\Core\Src\bluetooth_module.c(298): warning:  #167-D: argument of type "char *" is incompatible with parameter of type "uint8_t *"
  						HAL_UART_Transmit_IT(&huart4, user_pars.nickName, out_index);
..\Core\Src\bluetooth_module.c: 6 warnings, 0 errors
compiling stm32f7xx_hal_tim_ex.c...
compiling stm32f7xx_hal_uart_ex.c...
compiling stm32f7xx_hal_uart.c...
compiling stm32f7xx_hal_rcc.c...
compiling stm32f7xx_hal_flash.c...
compiling stm32f7xx_hal_rcc_ex.c...
compiling stm32f7xx_hal_flash_ex.c...
compiling stm32f7xx_hal_gpio.c...
compiling stm32f7xx_hal_dma.c...
compiling stm32f7xx_hal_pwr.c...
compiling stm32f7xx_hal_pwr_ex.c...
compiling stm32f7xx_hal_dma_ex.c...
compiling stm32f7xx_hal.c...
compiling stm32f7xx_hal_i2c_ex.c...
compiling stm32f7xx_hal_i2c.c...
compiling system_stm32f7xx.c...
compiling stm32f7xx_hal_exti.c...
linking...
Program Size: Code=9620 RO-data=560 RW-data=48 ZI-data=7808  
FromELF: creating hex file...
"PPPPPPP\PPPPPPP.axf" - 0 Error(s), 12 Warning(s).

<h2>Software Packages used:</h2>

Package Vendor: ARM
                http://www.keil.com/pack/ARM.CMSIS.5.6.0.pack
                ARM.CMSIS.5.6.0
                CMSIS (Cortex Microcontroller Software Interface Standard)
   * Component: CORE Version: 5.3.0

Package Vendor: Keil
                https://www.keil.com/pack/Keil.STM32F7xx_DFP.2.12.0.pack
                Keil.STM32F7xx_DFP.2.12.0
                STMicroelectronics STM32F7 Series Device Support, Drivers and Examples

<h2>Collection of Component include folders:</h2>
  .\RTE\_PPPPPPP
  C:\Users\andre\AppData\Local\Arm\Packs\ARM\CMSIS\5.6.0\CMSIS\Core\Include
  C:\Users\andre\AppData\Local\Arm\Packs\Keil\STM32F7xx_DFP\2.12.0\Drivers\CMSIS\Device\ST\STM32F7xx\Include

<h2>Collection of Component Files used:</h2>

   * Component: ARM::CMSIS:CORE:5.3.0
Build Time Elapsed:  00:02:39
</pre>
</body>
</html>
